// Jest Snapshot v1, https://goo.gl/fbAQLP

exports[`Test Header Component 1`] = `
<div
  className="issues-page-header-wrapper"
>
  <div
    className="issues-page-header-title"
  >
    Issue  Search
  </div>
  <div
    className="issues-page-header-sub-title"
  >
    Search issues from a public repository of a user
  </div>
</div>
`;
